.venv\Scripts\python.exe : V:\Anti\Project Tha\.venv\Lib\site-p
ackages\langchain_core\_api\deprecation.py:25: UserWarning: 
Core Pydantic V1 functionality isn't compatible with Python 
3.14 or greater.
At line:1 char:1
+ .venv\Scripts\python.exe src\main.py --symptom "leakage" > 
test_outpu ...
+ ~~~~~~~~~~~~~~~~~~~~~~~~~~~~~~~~~~~~~~~~~~~~~~~~~~~~~~~~~~~~~
~~~~~~~~
    + CategoryInfo          : NotSpecified: (V:\Anti\Project.. 
   ..14 or greater.:String) [], RemoteException
    + FullyQualifiedErrorId : NativeCommandError
 
  from pydantic.v1.fields import FieldInfo as FieldInfoV1
WARNING: GEMINI_API_KEY not found in environment. Falling back to Mock LLM.
Loading Vector Store...
Error: Vector store not found at V:\Anti\Project Tha\data\vector_store. Run data_ingestion.py first.
Tip: Run 'python main.py --ingest' first (ensure you have PDFs in data/pdfs)
